This is pdfTeX, Version 3.14159265-2.6-1.40.17 (TeX Live 2016/NixOS.org) (preloaded format=pdflatex 2017.8.29)  22 OCT 2017 16:30
entering extended mode
 restricted \write18 enabled.
 file:line:error style messages enabled.
 %&-line parsing enabled.
**\input test.tex
(./test.tex
(/nix/store/2vjh692aqf1343pl0sn23kqbzvzybjiw-texlive-combined-small-2016/share/
texmf/tex/latex/base/article.cls
Document Class: article 2014/09/29 v1.4h Standard LaTeX document class

(/nix/store/2vjh692aqf1343pl0sn23kqbzvzybjiw-texlive-combined-small-2016/share/
texmf/tex/latex/base/size10.clo
File: size10.clo 2014/09/29 v1.4h Standard LaTeX file (size option)
)
\c@part=\count79
\c@section=\count80
\c@subsection=\count81
\c@subsubsection=\count82
\c@paragraph=\count83
\c@subparagraph=\count84
\c@figure=\count85
\c@table=\count86
\abovecaptionskip=\skip41
\belowcaptionskip=\skip42
\bibindent=\dimen102
)
No file test.aux.
\openout1 = `test.aux'.

LaTeX Font Info:    Checking defaults for OML/cmm/m/it on input line 3.
LaTeX Font Info:    ... okay on input line 3.
LaTeX Font Info:    Checking defaults for T1/cmr/m/n on input line 3.
LaTeX Font Info:    ... okay on input line 3.
LaTeX Font Info:    Checking defaults for OT1/cmr/m/n on input line 3.
LaTeX Font Info:    ... okay on input line 3.
LaTeX Font Info:    Checking defaults for OMS/cmsy/m/n on input line 3.
LaTeX Font Info:    ... okay on input line 3.
LaTeX Font Info:    Checking defaults for OMX/cmex/m/n on input line 3.
LaTeX Font Info:    ... okay on input line 3.
LaTeX Font Info:    Checking defaults for U/cmr/m/n on input line 3.
LaTeX Font Info:    ... okay on input line 3.
LaTeX Font Info:    Try loading font information for OMS+cmr on input line 5.

(/nix/store/2vjh692aqf1343pl0sn23kqbzvzybjiw-texlive-combined-small-2016/share/
texmf/tex/latex/base/omscmr.fd
File: omscmr.fd 2014/09/29 v2.5h Standard LaTeX font definitions
)
LaTeX Font Info:    Font shape `OMS/cmr/m/n' in size <10> not available
(Font)              Font shape `OMS/cmsy/m/n' tried instead on input line 5.
 [1

{/nix/store/2vjh692aqf1343pl0sn23kqbzvzybjiw-texlive-combined-small-2016/share/
texmf/fonts/map/pdftex/updmap/pdftex.map}]
(./test.aux) ) 
Here is how much of TeX's memory you used:
 216 strings out of 494447
 2729 string characters out of 6159261
 48696 words of memory out of 5000000
 3637 multiletter control sequences out of 15000+600000
 3640 words of font info for 14 fonts, out of 8000000 for 9000
 319 hyphenation exceptions out of 8191
 23i,4n,19p,119b,143s stack positions out of 5000i,500n,10000p,200000b,80000s
</nix/store/2vjh692aqf1343pl0sn23kqbzvzybjiw-texlive-combined-sma
ll-2016/share/texmf/fonts/type1/public/amsfonts/cm/cmr10.pfb></nix/store/2vjh69
2aqf1343pl0sn23kqbzvzybjiw-texlive-combined-small-2016/share/texmf/fonts/type1/
public/amsfonts/cm/cmsy10.pfb>
Output written on test.pdf (1 page, 19305 bytes).
PDF statistics:
 16 PDF objects out of 1000 (max. 8388607)
 10 compressed objects within 1 object stream
 0 named destinations out of 1000 (max. 500000)
 1 words of extra memory for PDF output out of 10000 (max. 10000000)

